---
http_interactions:
- request:
    method: post
    uri: https://roseflow-test-1601616.svc.<PINECONE_ENVIRONMENT>.pinecone.io/query
    body:
      encoding: UTF-8
      string: '{"namespace":"","includeValues":false,"includeMetadata":true,"topK":10,"id":"abc"}'
    headers:
      Accept:
      - application/json; charset=utf-8
      Api-Key:
      - "<PINECONE_KEY>"
      User-Agent:
      - Faraday v2.7.4
      Content-Type:
      - application/json
      Accept-Encoding:
      - gzip;q=1.0,deflate;q=0.6,identity;q=0.3
  response:
    status:
      code: 200
      message: OK
    headers:
      Content-Type:
      - application/json
      Date:
      - Mon, 01 May 2023 12:25:24 GMT
      X-Envoy-Upstream-Service-Time:
      - '1'
      Grpc-Status:
      - '0'
      Content-Length:
      - '42'
      Server:
      - envoy
    body:
      encoding: UTF-8
      string: '{"results":[],"matches":[],"namespace":""}'
  recorded_at: Mon, 01 May 2023 12:25:25 GMT
- request:
    method: get
    uri: https://controller.<PINECONE_ENVIRONMENT>.pinecone.io/databases/roseflow-test
    body:
      encoding: US-ASCII
      string: ''
    headers:
      Accept:
      - application/json; charset=utf-8
      Api-Key:
      - "<PINECONE_KEY>"
      User-Agent:
      - Faraday v2.7.4
      Accept-Encoding:
      - gzip;q=1.0,deflate;q=0.6,identity;q=0.3
  response:
    status:
      code: 200
      message: OK
    headers:
      Content-Type:
      - application/json; charset=UTF-8
      Date:
      - Wed, 10 May 2023 12:14:24 GMT
      X-Envoy-Upstream-Service-Time:
      - '9'
      Content-Length:
      - '259'
      Server:
      - envoy
    body:
      encoding: UTF-8
      string: '{"database":{"name":"roseflow-test","metric":"cosine","dimension":3,"replicas":1,"shards":1,"pods":1,"pod_type":"s1.x1"},"status":{"waiting":[],"crashed":[],"host":"roseflow-test-1601616.svc.<PINECONE_ENVIRONMENT>.pinecone.io","port":433,"state":"Ready","ready":true}}

        '
  recorded_at: Wed, 10 May 2023 12:14:23 GMT
- request:
    method: post
    uri: https://roseflow-test-1601616.svc.<PINECONE_ENVIRONMENT>.pinecone.io/query
    body:
      encoding: UTF-8
      string: '{"namespace":"","includeValues":false,"includeMetadata":true,"topK":10,"id":"abc"}'
    headers:
      Accept:
      - application/json; charset=utf-8
      Api-Key:
      - "<PINECONE_KEY>"
      User-Agent:
      - Faraday v2.7.4
      Content-Type:
      - application/json
      Accept-Encoding:
      - gzip;q=1.0,deflate;q=0.6,identity;q=0.3
  response:
    status:
      code: 200
      message: OK
    headers:
      Content-Type:
      - application/json
      Date:
      - Wed, 10 May 2023 12:14:24 GMT
      X-Envoy-Upstream-Service-Time:
      - '1'
      Grpc-Status:
      - '0'
      Content-Length:
      - '42'
      Server:
      - envoy
    body:
      encoding: UTF-8
      string: '{"results":[],"matches":[],"namespace":""}'
  recorded_at: Wed, 10 May 2023 12:14:24 GMT
recorded_with: VCR 6.1.0
